
Memory Configuration

Name             Origin             Length             Attributes
flash            0x08000000         0x20000000         xr
sram             0x20000000         0x20000000         xrw
*default*        0x00000000         0xffffffff

Linker script and memory map


.text           0x08000000      0x13c
 *(.vectors*)
 .vectors       0x08000000       0x10 startup.o
                0x08000000                g_p_fn_vectors
 *(.text*)
 .text          0x08000010       0x88 main.o
                0x08000010                main
 .text          0x08000098       0xa4 startup.o
                0x08000098                H_Fault_Handler
                0x08000098                Default_Handler
                0x08000098                NMI_Handler
                0x080000a8                Reset_Handler
 *(.rodata)
                0x0800013c                _E_text = .

.glue_7         0x0800013c        0x0
 .glue_7        0x00000000        0x0 linker stubs

.glue_7t        0x0800013c        0x0
 .glue_7t       0x00000000        0x0 linker stubs

.vfp11_veneer   0x0800013c        0x0
 .vfp11_veneer  0x00000000        0x0 linker stubs

.v4_bx          0x0800013c        0x0
 .v4_bx         0x00000000        0x0 linker stubs

.iplt           0x0800013c        0x0
 .iplt          0x00000000        0x0 main.o

.rel.dyn        0x0800013c        0x0
 .rel.iplt      0x00000000        0x0 main.o

.data           0x20000000        0x0 load address 0x0800013c
                0x20000000                _S_DATA = .
 *(.data)
 .data          0x20000000        0x0 main.o
 .data          0x20000000        0x0 startup.o
                0x20000000                . = ALIGN (0x4)
                0x20000000                _E_DATA = .

.igot.plt       0x20000000        0x0 load address 0x0800013c
 .igot.plt      0x00000000        0x0 main.o

.bss            0x20000000      0x400 load address 0x0800013c
                0x20000000                _S_bss = .
 *(.bss*)
 .bss           0x20000000        0x0 main.o
 .bss           0x20000000      0x400 startup.o
                0x20000400                . = ALIGN (0x4)
                0x20000400                _E_bss = .
LOAD main.o
LOAD startup.o
OUTPUT(cortex-m3lab.elf elf32-littlearm)

.debug_info     0x00000000      0x22b
 .debug_info    0x00000000       0x9d main.o
 .debug_info    0x0000009d      0x18e startup.o

.debug_abbrev   0x00000000      0x12f
 .debug_abbrev  0x00000000       0x5a main.o
 .debug_abbrev  0x0000005a       0xd5 startup.o

.debug_loc      0x00000000       0x9c
 .debug_loc     0x00000000       0x38 main.o
 .debug_loc     0x00000038       0x64 startup.o

.debug_aranges  0x00000000       0x40
 .debug_aranges
                0x00000000       0x20 main.o
 .debug_aranges
                0x00000020       0x20 startup.o

.debug_line     0x00000000      0x111
 .debug_line    0x00000000       0x63 main.o
 .debug_line    0x00000063       0xae startup.o

.debug_str      0x00000000      0x143
 .debug_str     0x00000000       0xab main.o
                                 0xdf (size before relaxing)
 .debug_str     0x000000ab       0x98 startup.o
                                0x15f (size before relaxing)

.comment        0x00000000       0x11
 .comment       0x00000000       0x11 main.o
                                 0x12 (size before relaxing)
 .comment       0x00000000       0x12 startup.o

.ARM.attributes
                0x00000000       0x30
 .ARM.attributes
                0x00000000       0x30 main.o
 .ARM.attributes
                0x00000030       0x30 startup.o

.debug_frame    0x00000000       0x7c
 .debug_frame   0x00000000       0x30 main.o
 .debug_frame   0x00000030       0x4c startup.o
