
Memory Configuration

Name             Origin             Length             Attributes
flash            0x08000000         0x00020000         xr
sram             0x20000000         0x00005000         xrw
*default*        0x00000000         0xffffffff

Linker script and memory map


.text           0x08000000       0xe0
 *(.vectors*)
 .vectors       0x08000000       0x50 startup.o
 *(.text*)
 .text          0x08000050       0x88 main.o
                0x08000050                main
 .text          0x080000d8        0x8 startup.o
 *(.rodata*)

.glue_7         0x080000e0        0x0
 .glue_7        0x00000000        0x0 linker stubs

.glue_7t        0x080000e0        0x0
 .glue_7t       0x00000000        0x0 linker stubs

.vfp11_veneer   0x080000e0        0x0
 .vfp11_veneer  0x00000000        0x0 linker stubs

.v4_bx          0x080000e0        0x0
 .v4_bx         0x00000000        0x0 linker stubs

.iplt           0x080000e0        0x0
 .iplt          0x00000000        0x0 main.o

.rel.dyn        0x080000e0        0x0
 .rel.iplt      0x00000000        0x0 main.o

.data           0x20000000        0x4 load address 0x080000e0
 *(.data*)
 .data          0x20000000        0x4 main.o
                0x20000000                R_ODR
 .data          0x20000004        0x0 startup.o

.igot.plt       0x20000004        0x0 load address 0x080000e4
 .igot.plt      0x00000000        0x0 main.o

.bss            0x20000004        0x0 load address 0x080000e4
 *(.bss*)
 .bss           0x20000004        0x0 main.o
 .bss           0x20000004        0x0 startup.o
LOAD main.o
LOAD startup.o
OUTPUT(cortex-m3lab.elf elf32-littlearm)

.debug_info     0x00000000      0x19d
 .debug_info    0x00000000      0x119 main.o
 .debug_info    0x00000119       0x84 startup.o

.debug_abbrev   0x00000000       0xe0
 .debug_abbrev  0x00000000       0xcc main.o
 .debug_abbrev  0x000000cc       0x14 startup.o

.debug_loc      0x00000000       0x38
 .debug_loc     0x00000000       0x38 main.o

.debug_aranges  0x00000000       0x40
 .debug_aranges
                0x00000000       0x20 main.o
 .debug_aranges
                0x00000020       0x20 startup.o

.debug_line     0x00000000       0x99
 .debug_line    0x00000000       0x5e main.o
 .debug_line    0x0000005e       0x3b startup.o

.debug_str      0x00000000       0xea
 .debug_str     0x00000000       0xea main.o
                                0x11e (size before relaxing)

.comment        0x00000000       0x11
 .comment       0x00000000       0x11 main.o
                                 0x12 (size before relaxing)

.ARM.attributes
                0x00000000       0x31
 .ARM.attributes
                0x00000000       0x30 main.o
 .ARM.attributes
                0x00000030       0x21 startup.o

.debug_frame    0x00000000       0x30
 .debug_frame   0x00000000       0x30 main.o
